123456789123456789123456789123456789
-123456789123456789123456789123456789
123
-123
10
-10
9
-9
1
-1
NaN
0
0